nohup: ignoring input
[2026-09-17 20:39:32 +0000] [372801] [INFO] Starting gunicorn 26.2.0
[2026-09-17 20:39:32 +0000] [372801] [INFO] Listening at: http://0.0.0.0:8002 (372801)
[2026-09-17 20:39:32 +0000] [372801] [INFO] Using worker: sync
[2026-09-17 20:39:32 +0000] [372802] [INFO] Booting worker with pid: 372802
[2026-09-17 20:39:32 +0000] [372801] [INFO] Control socket listening at /run/user/0/gunicorn.ctl
[2026-09-17 20:40:42 +0000] [372801] [CRITICAL] WORKER TIMEOUT (pid:372802)
[2026-09-18 02:10:42 +0530] [372802] [ERROR] Error handling request POST /api/catalog/refresh-prices/
Traceback (most recent call last):
  File "/var/www/grocery/backend/venv/lib/python3.12/site-packages/gunicorn/workers/sync.py", line 141, in handle
    self.handle_request(listener, req, client, addr)
  File "/var/www/grocery/backend/venv/lib/python3.12/site-packages/gunicorn/workers/sync.py", line 184, in handle_request
    respiter = self.wsgi(environ, resp.start_response)
               ^^^^^^^^^^^^^^^^^^^^^^^^^^^^^^^^^^^^^^^
  File "/var/www/grocery/backend/venv/lib/python3.12/site-packages/django/core/handlers/wsgi.py", line 124, in __call__
    response = self.get_response(request)
               ^^^^^^^^^^^^^^^^^^^^^^^^^^
  File "/var/www/grocery/backend/venv/lib/python3.12/site-packages/django/core/handlers/base.py", line 142, in get_response
    response = self._middleware_chain(request)
               ^^^^^^^^^^^^^^^^^^^^^^^^^^^^^^^
  File "/var/www/grocery/backend/venv/lib/python3.12/site-packages/django/core/handlers/exception.py", line 56, in inner
    response = get_response(request)
               ^^^^^^^^^^^^^^^^^^^^^
  File "/var/www/grocery/backend/venv/lib/python3.12/site-packages/django/utils/deprecation.py", line 441, in __call__
    response = response or self.get_response(request)
                           ^^^^^^^^^^^^^^^^^^^^^^^^^^
  File "/var/www/grocery/backend/venv/lib/python3.12/site-packages/django/core/handlers/exception.py", line 56, in inner
    response = get_response(request)
               ^^^^^^^^^^^^^^^^^^^^^
  File "/var/www/grocery/backend/venv/lib/python3.12/site-packages/corsheaders/middleware.py", line 53, in __call__
    result = self.get_response(request)
             ^^^^^^^^^^^^^^^^^^^^^^^^^^
  File "/var/www/grocery/backend/venv/lib/python3.12/site-packages/django/core/handlers/exception.py", line 56, in inner
    response = get_response(request)
               ^^^^^^^^^^^^^^^^^^^^^
  File "/var/www/grocery/backend/venv/lib/python3.12/site-packages/django/utils/deprecation.py", line 441, in __call__
    response = response or self.get_response(request)
                           ^^^^^^^^^^^^^^^^^^^^^^^^^^
  File "/var/www/grocery/backend/venv/lib/python3.12/site-packages/django/core/handlers/exception.py", line 56, in inner
    response = get_response(request)
               ^^^^^^^^^^^^^^^^^^^^^
  File "/var/www/grocery/backend/venv/lib/python3.12/site-packages/django/utils/deprecation.py", line 441, in __call__
    response = response or self.get_response(request)
                           ^^^^^^^^^^^^^^^^^^^^^^^^^^
  File "/var/www/grocery/backend/venv/lib/python3.12/site-packages/django/core/handlers/exception.py", line 56, in inner
    response = get_response(request)
               ^^^^^^^^^^^^^^^^^^^^^
  File "/var/www/grocery/backend/venv/lib/python3.12/site-packages/django/utils/deprecation.py", line 441, in __call__
    response = response or self.get_response(request)
                           ^^^^^^^^^^^^^^^^^^^^^^^^^^
  File "/var/www/grocery/backend/venv/lib/python3.12/site-packages/django/core/handlers/exception.py", line 56, in inner
    response = get_response(request)
               ^^^^^^^^^^^^^^^^^^^^^
  File "/var/www/grocery/backend/venv/lib/python3.12/site-packages/django/utils/deprecation.py", line 441, in __call__
    response = response or self.get_response(request)
                           ^^^^^^^^^^^^^^^^^^^^^^^^^^
  File "/var/www/grocery/backend/venv/lib/python3.12/site-packages/django/core/handlers/exception.py", line 56, in inner
    response = get_response(request)
               ^^^^^^^^^^^^^^^^^^^^^
  File "/var/www/grocery/backend/venv/lib/python3.12/site-packages/django/utils/deprecation.py", line 441, in __call__
    response = response or self.get_response(request)
                           ^^^^^^^^^^^^^^^^^^^^^^^^^^
  File "/var/www/grocery/backend/venv/lib/python3.12/site-packages/django/core/handlers/exception.py", line 56, in inner
    response = get_response(request)
               ^^^^^^^^^^^^^^^^^^^^^
  File "/var/www/grocery/backend/venv/lib/python3.12/site-packages/django/utils/deprecation.py", line 441, in __call__
    response = response or self.get_response(request)
                           ^^^^^^^^^^^^^^^^^^^^^^^^^^
  File "/var/www/grocery/backend/venv/lib/python3.12/site-packages/django/core/handlers/exception.py", line 56, in inner
    response = get_response(request)
               ^^^^^^^^^^^^^^^^^^^^^
  File "/var/www/grocery/backend/venv/lib/python3.12/site-packages/django/core/handlers/base.py", line 199, in _get_response
    response = wrapped_callback(request, *callback_args, **callback_kwargs)
               ^^^^^^^^^^^^^^^^^^^^^^^^^^^^^^^^^^^^^^^^^^^^^^^^^^^^^^^^^^^^
  File "/var/www/grocery/backend/venv/lib/python3.12/site-packages/django/views/decorators/csrf.py", line 64, in _view_wrapper
    return view_func(request, *args, **kwargs)
           ^^^^^^^^^^^^^^^^^^^^^^^^^^^^^^^^^^^
  File "/var/www/grocery/backend/venv/lib/python3.12/site-packages/django/views/generic/base.py", line 105, in view
    return self.dispatch(request, *args, **kwargs)
           ^^^^^^^^^^^^^^^^^^^^^^^^^^^^^^^^^^^^^^^
  File "/var/www/grocery/backend/venv/lib/python3.12/site-packages/rest_framework/views.py", line 523, in dispatch
    response = handler(request, *args, **kwargs)
               ^^^^^^^^^^^^^^^^^^^^^^^^^^^^^^^^^
  File "/var/www/grocery/backend/bills/views.py", line 131, in post
    payload = refresh_live_prices()
              ^^^^^^^^^^^^^^^^^^^^^
  File "/var/www/grocery/backend/bills/prices.py", line 337, in refresh_live_prices
    price, source, blocked = _google_price(name, unit, fallback)
                             ^^^^^^^^^^^^^^^^^^^^^^^^^^^^^^^^^^^
  File "/var/www/grocery/backend/bills/prices.py", line 228, in _google_price
    html = _fetch(template.format(query=query))
           ^^^^^^^^^^^^^^^^^^^^^^^^^^^^^^^^^^^^
  File "/var/www/grocery/backend/bills/prices.py", line 147, in _fetch
    with urllib.request.urlopen(req, timeout=timeout, context=context) as resp:
         ^^^^^^^^^^^^^^^^^^^^^^^^^^^^^^^^^^^^^^^^^^^^^^^^^^^^^^^^^^^^^
  File "/usr/lib/python3.12/urllib/request.py", line 215, in urlopen
    return opener.open(url, data, timeout)
           ^^^^^^^^^^^^^^^^^^^^^^^^^^^^^^^
  File "/usr/lib/python3.12/urllib/request.py", line 515, in open
    response = self._open(req, data)
               ^^^^^^^^^^^^^^^^^^^^^
  File "/usr/lib/python3.12/urllib/request.py", line 532, in _open
    result = self._call_chain(self.handle_open, protocol, protocol +
             ^^^^^^^^^^^^^^^^^^^^^^^^^^^^^^^^^^^^^^^^^^^^^^^^^^^^^^^
  File "/usr/lib/python3.12/urllib/request.py", line 492, in _call_chain
    result = func(*args)
             ^^^^^^^^^^^
  File "/usr/lib/python3.12/urllib/request.py", line 1392, in https_open
    return self.do_open(http.client.HTTPSConnection, req,
           ^^^^^^^^^^^^^^^^^^^^^^^^^^^^^^^^^^^^^^^^^^^^^^
  File "/usr/lib/python3.12/urllib/request.py", line 1348, in do_open
    r = h.getresponse()
        ^^^^^^^^^^^^^^^
  File "/usr/lib/python3.12/http/client.py", line 1457, in getresponse
    response.begin()
  File "/usr/lib/python3.12/http/client.py", line 336, in begin
    version, status, reason = self._read_status()
                              ^^^^^^^^^^^^^^^^^^^
  File "/usr/lib/python3.12/http/client.py", line 297, in _read_status
    line = str(self.fp.readline(_MAXLINE + 1), "iso-8859-1")
               ^^^^^^^^^^^^^^^^^^^^^^^^^^^^^^
  File "/usr/lib/python3.12/socket.py", line 707, in readinto
    return self._sock.recv_into(b)
           ^^^^^^^^^^^^^^^^^^^^^^^
  File "/usr/lib/python3.12/ssl.py", line 1252, in recv_into
    return self.read(nbytes, buffer)
           ^^^^^^^^^^^^^^^^^^^^^^^^^
  File "/usr/lib/python3.12/ssl.py", line 1104, in read
    return self._sslobj.read(len, buffer)
           ^^^^^^^^^^^^^^^^^^^^^^^^^^^^^^
  File "/var/www/grocery/backend/venv/lib/python3.12/site-packages/gunicorn/workers/base.py", line 199, in handle_abort
    sys.exit(1)
SystemExit: 1
[2026-09-18 02:10:42 +0530] [372802] [INFO] Worker exiting (pid: 372802)
[2026-09-17 20:40:43 +0000] [372813] [INFO] Booting worker with pid: 372813
[2026-09-17 20:40:43 +0000] [372801] [INFO] Control socket listening at /run/user/0/gunicorn.ctl
[2026-09-17 20:51:09 +0000] [372801] [INFO] Handling signal: hup
[2026-09-17 20:51:09 +0000] [372801] [INFO] Hang up: Master
[2026-09-17 20:51:09 +0000] [373182] [INFO] Booting worker with pid: 373182
[2026-09-17 20:51:09 +0000] [372801] [INFO] Control socket listening at /run/user/0/gunicorn.ctl
[2026-09-17 20:51:09 +0000] [372801] [WARNING] Worker (pid:372813) was sent SIGHUP!
[2026-09-18 05:59:07 +0530] [373182] [WARNING] Invalid request from ip=47.238.193.180: Invalid HTTP request line: ''
[2026-09-18 12:46:11 +0000] [372801] [CRITICAL] WORKER TIMEOUT (pid:373182)
[2026-09-18 18:16:11 +0530] [373182] [ERROR] Error handling request POST /api/catalog/refresh-prices/
Traceback (most recent call last):
  File "/var/www/grocery/backend/venv/lib/python3.12/site-packages/gunicorn/workers/sync.py", line 141, in handle
    self.handle_request(listener, req, client, addr)
  File "/var/www/grocery/backend/venv/lib/python3.12/site-packages/gunicorn/workers/sync.py", line 184, in handle_request
    respiter = self.wsgi(environ, resp.start_response)
               ^^^^^^^^^^^^^^^^^^^^^^^^^^^^^^^^^^^^^^^
  File "/var/www/grocery/backend/venv/lib/python3.12/site-packages/django/core/handlers/wsgi.py", line 124, in __call__
    response = self.get_response(request)
               ^^^^^^^^^^^^^^^^^^^^^^^^^^
  File "/var/www/grocery/backend/venv/lib/python3.12/site-packages/django/core/handlers/base.py", line 142, in get_response
    response = self._middleware_chain(request)
               ^^^^^^^^^^^^^^^^^^^^^^^^^^^^^^^
  File "/var/www/grocery/backend/venv/lib/python3.12/site-packages/django/core/handlers/exception.py", line 56, in inner
    response = get_response(request)
               ^^^^^^^^^^^^^^^^^^^^^
  File "/var/www/grocery/backend/venv/lib/python3.12/site-packages/django/utils/deprecation.py", line 441, in __call__
    response = response or self.get_response(request)
                           ^^^^^^^^^^^^^^^^^^^^^^^^^^
  File "/var/www/grocery/backend/venv/lib/python3.12/site-packages/django/core/handlers/exception.py", line 56, in inner
    response = get_response(request)
               ^^^^^^^^^^^^^^^^^^^^^
  File "/var/www/grocery/backend/venv/lib/python3.12/site-packages/corsheaders/middleware.py", line 53, in __call__
    result = self.get_response(request)
             ^^^^^^^^^^^^^^^^^^^^^^^^^^
  File "/var/www/grocery/backend/venv/lib/python3.12/site-packages/django/core/handlers/exception.py", line 56, in inner
    response = get_response(request)
               ^^^^^^^^^^^^^^^^^^^^^
  File "/var/www/grocery/backend/venv/lib/python3.12/site-packages/django/utils/deprecation.py", line 441, in __call__
    response = response or self.get_response(request)
                           ^^^^^^^^^^^^^^^^^^^^^^^^^^
  File "/var/www/grocery/backend/venv/lib/python3.12/site-packages/django/core/handlers/exception.py", line 56, in inner
    response = get_response(request)
               ^^^^^^^^^^^^^^^^^^^^^
  File "/var/www/grocery/backend/venv/lib/python3.12/site-packages/django/utils/deprecation.py", line 441, in __call__
    response = response or self.get_response(request)
                           ^^^^^^^^^^^^^^^^^^^^^^^^^^
  File "/var/www/grocery/backend/venv/lib/python3.12/site-packages/django/core/handlers/exception.py", line 56, in inner
    response = get_response(request)
               ^^^^^^^^^^^^^^^^^^^^^
  File "/var/www/grocery/backend/venv/lib/python3.12/site-packages/django/utils/deprecation.py", line 441, in __call__
    response = response or self.get_response(request)
                           ^^^^^^^^^^^^^^^^^^^^^^^^^^
  File "/var/www/grocery/backend/venv/lib/python3.12/site-packages/django/core/handlers/exception.py", line 56, in inner
    response = get_response(request)
               ^^^^^^^^^^^^^^^^^^^^^
  File "/var/www/grocery/backend/venv/lib/python3.12/site-packages/django/utils/deprecation.py", line 441, in __call__
    response = response or self.get_response(request)
                           ^^^^^^^^^^^^^^^^^^^^^^^^^^
  File "/var/www/grocery/backend/venv/lib/python3.12/site-packages/django/core/handlers/exception.py", line 56, in inner
    response = get_response(request)
               ^^^^^^^^^^^^^^^^^^^^^
  File "/var/www/grocery/backend/venv/lib/python3.12/site-packages/django/utils/deprecation.py", line 441, in __call__
    response = response or self.get_response(request)
                           ^^^^^^^^^^^^^^^^^^^^^^^^^^
  File "/var/www/grocery/backend/venv/lib/python3.12/site-packages/django/core/handlers/exception.py", line 56, in inner
    response = get_response(request)
               ^^^^^^^^^^^^^^^^^^^^^
  File "/var/www/grocery/backend/venv/lib/python3.12/site-packages/django/utils/deprecation.py", line 441, in __call__
    response = response or self.get_response(request)
                           ^^^^^^^^^^^^^^^^^^^^^^^^^^
  File "/var/www/grocery/backend/venv/lib/python3.12/site-packages/django/core/handlers/exception.py", line 56, in inner
    response = get_response(request)
               ^^^^^^^^^^^^^^^^^^^^^
  File "/var/www/grocery/backend/venv/lib/python3.12/site-packages/django/core/handlers/base.py", line 199, in _get_response
    response = wrapped_callback(request, *callback_args, **callback_kwargs)
               ^^^^^^^^^^^^^^^^^^^^^^^^^^^^^^^^^^^^^^^^^^^^^^^^^^^^^^^^^^^^
  File "/var/www/grocery/backend/venv/lib/python3.12/site-packages/django/views/decorators/csrf.py", line 64, in _view_wrapper
    return view_func(request, *args, **kwargs)
           ^^^^^^^^^^^^^^^^^^^^^^^^^^^^^^^^^^^
  File "/var/www/grocery/backend/venv/lib/python3.12/site-packages/django/views/generic/base.py", line 105, in view
    return self.dispatch(request, *args, **kwargs)
           ^^^^^^^^^^^^^^^^^^^^^^^^^^^^^^^^^^^^^^^
  File "/var/www/grocery/backend/venv/lib/python3.12/site-packages/rest_framework/views.py", line 523, in dispatch
    response = handler(request, *args, **kwargs)
               ^^^^^^^^^^^^^^^^^^^^^^^^^^^^^^^^^
  File "/var/www/grocery/backend/bills/views.py", line 131, in post
    payload = refresh_live_prices()
              ^^^^^^^^^^^^^^^^^^^^^
  File "/var/www/grocery/backend/bills/prices.py", line 337, in refresh_live_prices
    price, source, blocked = _google_price(name, unit, fallback)
                             ^^^^^^^^^^^^^^^^^^^^^^^^^^^^^^^^^^^
  File "/var/www/grocery/backend/bills/prices.py", line 228, in _google_price
    html = _fetch(template.format(query=query))
           ^^^^^^^^^^^^^^^^^^^^^^^^^^^^^^^^^^^^
  File "/var/www/grocery/backend/bills/prices.py", line 147, in _fetch
    with urllib.request.urlopen(req, timeout=timeout, context=context) as resp:
         ^^^^^^^^^^^^^^^^^^^^^^^^^^^^^^^^^^^^^^^^^^^^^^^^^^^^^^^^^^^^^
  File "/usr/lib/python3.12/urllib/request.py", line 215, in urlopen
    return opener.open(url, data, timeout)
           ^^^^^^^^^^^^^^^^^^^^^^^^^^^^^^^
  File "/usr/lib/python3.12/urllib/request.py", line 515, in open
    response = self._open(req, data)
               ^^^^^^^^^^^^^^^^^^^^^
  File "/usr/lib/python3.12/urllib/request.py", line 532, in _open
    result = self._call_chain(self.handle_open, protocol, protocol +
             ^^^^^^^^^^^^^^^^^^^^^^^^^^^^^^^^^^^^^^^^^^^^^^^^^^^^^^^
  File "/usr/lib/python3.12/urllib/request.py", line 492, in _call_chain
    result = func(*args)
             ^^^^^^^^^^^
  File "/usr/lib/python3.12/urllib/request.py", line 1392, in https_open
    return self.do_open(http.client.HTTPSConnection, req,
           ^^^^^^^^^^^^^^^^^^^^^^^^^^^^^^^^^^^^^^^^^^^^^^
  File "/usr/lib/python3.12/urllib/request.py", line 1348, in do_open
    r = h.getresponse()
        ^^^^^^^^^^^^^^^
  File "/usr/lib/python3.12/http/client.py", line 1457, in getresponse
    response.begin()
  File "/usr/lib/python3.12/http/client.py", line 336, in begin
    version, status, reason = self._read_status()
                              ^^^^^^^^^^^^^^^^^^^
  File "/usr/lib/python3.12/http/client.py", line 297, in _read_status
    line = str(self.fp.readline(_MAXLINE + 1), "iso-8859-1")
               ^^^^^^^^^^^^^^^^^^^^^^^^^^^^^^
  File "/usr/lib/python3.12/socket.py", line 707, in readinto
    return self._sock.recv_into(b)
           ^^^^^^^^^^^^^^^^^^^^^^^
  File "/usr/lib/python3.12/ssl.py", line 1252, in recv_into
    return self.read(nbytes, buffer)
           ^^^^^^^^^^^^^^^^^^^^^^^^^
  File "/usr/lib/python3.12/ssl.py", line 1104, in read
    return self._sslobj.read(len, buffer)
           ^^^^^^^^^^^^^^^^^^^^^^^^^^^^^^
  File "/var/www/grocery/backend/venv/lib/python3.12/site-packages/gunicorn/workers/base.py", line 199, in handle_abort
    sys.exit(1)
SystemExit: 1
[2026-09-18 18:16:11 +0530] [373182] [INFO] Worker exiting (pid: 373182)
[2026-09-18 12:46:12 +0000] [372801] [INFO] Control socket listening at /run/user/0/gunicorn.ctl
[2026-09-18 12:46:12 +0000] [375842] [INFO] Booting worker with pid: 375842
[2026-09-23 05:36:59 +0000] [372801] [CRITICAL] WORKER TIMEOUT (pid:375842)
[2026-09-23 11:06:59 +0530] [375842] [ERROR] Error handling request POST /api/catalog/refresh-prices/
Traceback (most recent call last):
  File "/var/www/grocery/backend/venv/lib/python3.12/site-packages/gunicorn/workers/sync.py", line 141, in handle
    self.handle_request(listener, req, client, addr)
  File "/var/www/grocery/backend/venv/lib/python3.12/site-packages/gunicorn/workers/sync.py", line 184, in handle_request
    respiter = self.wsgi(environ, resp.start_response)
               ^^^^^^^^^^^^^^^^^^^^^^^^^^^^^^^^^^^^^^^
  File "/var/www/grocery/backend/venv/lib/python3.12/site-packages/django/core/handlers/wsgi.py", line 124, in __call__
    response = self.get_response(request)
               ^^^^^^^^^^^^^^^^^^^^^^^^^^
  File "/var/www/grocery/backend/venv/lib/python3.12/site-packages/django/core/handlers/base.py", line 142, in get_response
    response = self._middleware_chain(request)
               ^^^^^^^^^^^^^^^^^^^^^^^^^^^^^^^
  File "/var/www/grocery/backend/venv/lib/python3.12/site-packages/django/core/handlers/exception.py", line 56, in inner
    response = get_response(request)
               ^^^^^^^^^^^^^^^^^^^^^
  File "/var/www/grocery/backend/venv/lib/python3.12/site-packages/django/utils/deprecation.py", line 441, in __call__
    response = response or self.get_response(request)
                           ^^^^^^^^^^^^^^^^^^^^^^^^^^
  File "/var/www/grocery/backend/venv/lib/python3.12/site-packages/django/core/handlers/exception.py", line 56, in inner
    response = get_response(request)
               ^^^^^^^^^^^^^^^^^^^^^
  File "/var/www/grocery/backend/venv/lib/python3.12/site-packages/corsheaders/middleware.py", line 53, in __call__
    result = self.get_response(request)
             ^^^^^^^^^^^^^^^^^^^^^^^^^^
  File "/var/www/grocery/backend/venv/lib/python3.12/site-packages/django/core/handlers/exception.py", line 56, in inner
    response = get_response(request)
               ^^^^^^^^^^^^^^^^^^^^^
  File "/var/www/grocery/backend/venv/lib/python3.12/site-packages/django/utils/deprecation.py", line 441, in __call__
    response = response or self.get_response(request)
                           ^^^^^^^^^^^^^^^^^^^^^^^^^^
  File "/var/www/grocery/backend/venv/lib/python3.12/site-packages/django/core/handlers/exception.py", line 56, in inner
    response = get_response(request)
               ^^^^^^^^^^^^^^^^^^^^^
  File "/var/www/grocery/backend/venv/lib/python3.12/site-packages/django/utils/deprecation.py", line 441, in __call__
    response = response or self.get_response(request)
                           ^^^^^^^^^^^^^^^^^^^^^^^^^^
  File "/var/www/grocery/backend/venv/lib/python3.12/site-packages/django/core/handlers/exception.py", line 56, in inner
    response = get_response(request)
               ^^^^^^^^^^^^^^^^^^^^^
  File "/var/www/grocery/backend/venv/lib/python3.12/site-packages/django/utils/deprecation.py", line 441, in __call__
    response = response or self.get_response(request)
                           ^^^^^^^^^^^^^^^^^^^^^^^^^^
  File "/var/www/grocery/backend/venv/lib/python3.12/site-packages/django/core/handlers/exception.py", line 56, in inner
    response = get_response(request)
               ^^^^^^^^^^^^^^^^^^^^^
  File "/var/www/grocery/backend/venv/lib/python3.12/site-packages/django/utils/deprecation.py", line 441, in __call__
    response = response or self.get_response(request)
                           ^^^^^^^^^^^^^^^^^^^^^^^^^^
  File "/var/www/grocery/backend/venv/lib/python3.12/site-packages/django/core/handlers/exception.py", line 56, in inner
    response = get_response(request)
               ^^^^^^^^^^^^^^^^^^^^^
  File "/var/www/grocery/backend/venv/lib/python3.12/site-packages/django/utils/deprecation.py", line 441, in __call__
    response = response or self.get_response(request)
                           ^^^^^^^^^^^^^^^^^^^^^^^^^^
  File "/var/www/grocery/backend/venv/lib/python3.12/site-packages/django/core/handlers/exception.py", line 56, in inner
    response = get_response(request)
               ^^^^^^^^^^^^^^^^^^^^^
  File "/var/www/grocery/backend/venv/lib/python3.12/site-packages/django/utils/deprecation.py", line 441, in __call__
    response = response or self.get_response(request)
                           ^^^^^^^^^^^^^^^^^^^^^^^^^^
  File "/var/www/grocery/backend/venv/lib/python3.12/site-packages/django/core/handlers/exception.py", line 56, in inner
    response = get_response(request)
               ^^^^^^^^^^^^^^^^^^^^^
  File "/var/www/grocery/backend/venv/lib/python3.12/site-packages/django/core/handlers/base.py", line 199, in _get_response
    response = wrapped_callback(request, *callback_args, **callback_kwargs)
               ^^^^^^^^^^^^^^^^^^^^^^^^^^^^^^^^^^^^^^^^^^^^^^^^^^^^^^^^^^^^
  File "/var/www/grocery/backend/venv/lib/python3.12/site-packages/django/views/decorators/csrf.py", line 64, in _view_wrapper
    return view_func(request, *args, **kwargs)
           ^^^^^^^^^^^^^^^^^^^^^^^^^^^^^^^^^^^
  File "/var/www/grocery/backend/venv/lib/python3.12/site-packages/django/views/generic/base.py", line 105, in view
    return self.dispatch(request, *args, **kwargs)
           ^^^^^^^^^^^^^^^^^^^^^^^^^^^^^^^^^^^^^^^
  File "/var/www/grocery/backend/venv/lib/python3.12/site-packages/rest_framework/views.py", line 523, in dispatch
    response = handler(request, *args, **kwargs)
               ^^^^^^^^^^^^^^^^^^^^^^^^^^^^^^^^^
  File "/var/www/grocery/backend/bills/views.py", line 131, in post
    try:
         
  File "/var/www/grocery/backend/bills/prices.py", line 337, in refresh_live_prices
    price, source, blocked = _google_price(name, unit, fallback)
                             ^^^^^^^^^^^^^^^^^^^^^^^^^^^^^^^^^^^
  File "/var/www/grocery/backend/bills/prices.py", line 228, in _google_price
    html = _fetch(template.format(query=query))
           ^^^^^^^^^^^^^^^^^^^^^^^^^^^^^^^^^^^^
  File "/var/www/grocery/backend/bills/prices.py", line 147, in _fetch
    with urllib.request.urlopen(req, timeout=timeout, context=context) as resp:
         ^^^^^^^^^^^^^^^^^^^^^^^^^^^^^^^^^^^^^^^^^^^^^^^^^^^^^^^^^^^^^
  File "/usr/lib/python3.12/urllib/request.py", line 215, in urlopen
    return opener.open(url, data, timeout)
           ^^^^^^^^^^^^^^^^^^^^^^^^^^^^^^^
  File "/usr/lib/python3.12/urllib/request.py", line 515, in open
    response = self._open(req, data)
               ^^^^^^^^^^^^^^^^^^^^^
  File "/usr/lib/python3.12/urllib/request.py", line 532, in _open
    result = self._call_chain(self.handle_open, protocol, protocol +
             ^^^^^^^^^^^^^^^^^^^^^^^^^^^^^^^^^^^^^^^^^^^^^^^^^^^^^^^
  File "/usr/lib/python3.12/urllib/request.py", line 492, in _call_chain
    result = func(*args)
             ^^^^^^^^^^^
  File "/usr/lib/python3.12/urllib/request.py", line 1392, in https_open
    return self.do_open(http.client.HTTPSConnection, req,
           ^^^^^^^^^^^^^^^^^^^^^^^^^^^^^^^^^^^^^^^^^^^^^^
  File "/usr/lib/python3.12/urllib/request.py", line 1348, in do_open
    r = h.getresponse()
        ^^^^^^^^^^^^^^^
  File "/usr/lib/python3.12/http/client.py", line 1457, in getresponse
    response.begin()
  File "/usr/lib/python3.12/http/client.py", line 336, in begin
    version, status, reason = self._read_status()
                              ^^^^^^^^^^^^^^^^^^^
  File "/usr/lib/python3.12/http/client.py", line 297, in _read_status
    line = str(self.fp.readline(_MAXLINE + 1), "iso-8859-1")
               ^^^^^^^^^^^^^^^^^^^^^^^^^^^^^^
  File "/usr/lib/python3.12/socket.py", line 707, in readinto
    return self._sock.recv_into(b)
           ^^^^^^^^^^^^^^^^^^^^^^^
  File "/usr/lib/python3.12/ssl.py", line 1252, in recv_into
    return self.read(nbytes, buffer)
           ^^^^^^^^^^^^^^^^^^^^^^^^^
  File "/usr/lib/python3.12/ssl.py", line 1104, in read
    return self._sslobj.read(len, buffer)
           ^^^^^^^^^^^^^^^^^^^^^^^^^^^^^^
  File "/var/www/grocery/backend/venv/lib/python3.12/site-packages/gunicorn/workers/base.py", line 199, in handle_abort
    sys.exit(1)
SystemExit: 1
[2026-09-23 11:06:59 +0530] [375842] [INFO] Worker exiting (pid: 375842)
[2026-09-23 05:37:00 +0000] [392926] [INFO] Booting worker with pid: 392926
[2026-09-23 05:37:00 +0000] [372801] [INFO] Control socket listening at /run/user/0/gunicorn.ctl
[2026-09-23 05:43:09 +0000] [372801] [INFO] Handling signal: term
[2026-09-23 11:13:09 +0530] [392926] [INFO] Worker exiting (pid: 392926)
[2026-09-23 05:43:09 +0000] [372801] [INFO] Shutting down: Master
nohup: ignoring input
[2026-09-23 05:43:26 +0000] [392955] [INFO] Starting gunicorn 26.2.0
[2026-09-23 05:43:26 +0000] [392955] [INFO] Listening at: http://0.0.0.0:8002 (392955)
[2026-09-23 05:43:26 +0000] [392955] [INFO] Using worker: sync
[2026-09-23 05:43:26 +0000] [392956] [INFO] Booting worker with pid: 392956
[2026-09-23 05:43:26 +0000] [392955] [INFO] Control socket listening at /run/user/0/gunicorn.ctl
